{"content": "main\n = do\n\n      -- De-serialize sample company via read\n      txt <- getContents\n      let company = read txt\n\n      -- Project to tree of floats\n      let tree = get company\n      print tree\n\n      -- Project further to list of floats\n      let list = toList tree\n      print list\n\n      -- Total all salaries\n      print $ total company\n\n      -- Cut all salaries\n      let company' = cut company\n\n      -- Total after cut\n      print $ total company'\n", "fragments": [], "geshi": "haskell"}