{"wiki": "http://101companies.org/wiki/Contribution:haskellTree", "sesame": "http://triples.101companies.org/openrdf-workbench/repositories/wiki101/explore?resource=%3Chttp%3A%2F%2F101companies.org%2Fresource%2FContribution-3AhaskellTree%3E", "github": "https://github.com/101companies/101haskell/tree/master/contributions/haskellTree/src/Main.hs#L57-61", "name": "main", "headline": "Data processing in Language:Haskell with functors and foldables", "commits": {"initiator": "DerDackel", "contributors": ["DerDackel"]}, "geshi": "haskell", "content": "main = do\n counts <- runTestTT tests\n if (errors counts > 0 || failures counts > 0)\n   then exitFailure\n   else exitSuccess\n", "endpoint": "http://sl-mac.uni-koblenz.de:8081/org.softlang.semanticendpoint/doQuery?method=getResourceTriples&resource=Contribution-3AhaskellTree", "fragments": [], "classifier": "pattern"}