{"imports":["Data.Maybe","Control.Monad","Data.Map","Data.List"],"fragments":[{"classifier":"type","name":"MyType","startLine":13,"endLine":14},{"classifier":"data","name":"MyData","startLine":16,"endLine":17},{"classifier":"newtype","name":"MyNewtype","startLine":19,"endLine":20},{"classifier":"function","name":"f","startLine":22,"endLine":24},{"classifier":"function","name":"g","startLine":26,"endLine":29},{"classifier":"function","name":"h","startLine":31,"endLine":35},{"classifier":"pattern","name":"x","startLine":37,"endLine":39},{"classifier":"pattern","name":"y","startLine":41,"endLine":42},{"classifier":"function","name":"f1","startLine":44,"endLine":48},{"classifier":"function","name":"f2","startLine":50,"endLine":50}]}
