{"folders": [{"resource": "http://101companies.org/resources/contributions/haskellTree/src/Company", "name": "Company"}], "files": [{"resource": "http://101companies.org/resources/contributions/haskellTree/src/Main.hs", "name": "Main.hs"}], "github": "https://github.com/101companies/101haskell/tree/master/contributions/haskellTree/src", "name": "src", "headline": "Data processing in Language:Haskell with functors and foldables", "wiki": "http://101companies.org/wiki/Contribution:haskellTree", "sesame": "http://triples.101companies.org/openrdf-workbench/repositories/wiki101/explore?resource=%3Chttp%3A%2F%2F101companies.org%2Fresource%2FContribution-3AhaskellTree%3E", "endpoint": "http://sl-mac.uni-koblenz.de:8081/org.softlang.semanticendpoint/doQuery?method=getResourceTriples&resource=Contribution-3AhaskellTree", "classifier": "Folder"}